// Jest Snapshot v1, https://goo.gl/fbAQLP

exports[`Debe reenderizar el componente GiftGridItem Reenderiza el componente 1`] = `
<div
  className="card animate__animated animate__fadeIn"
>
  <img
    alt="Un Titulo"
    src="https://localhost/algo.jpg"
  />
  <p>
    Un Titulo
  </p>
</div>
`;
